src/App.tsx(1,8): error TS6133: 'React' is declared but its value is never read.
src/App.tsx(83,76): error TS2339: Property 'iterations' does not exist on type 'never'.
src/App.tsx(87,77): error TS2339: Property 'success' does not exist on type 'never'.
src/App.tsx(88,51): error TS2339: Property 'success' does not exist on type 'never'.
src/App.tsx(110,46): error TS2339: Property 'code' does not exist on type 'never'.
src/App.tsx(118,34): error TS2339: Property 'logs' does not exist on type 'never'.
src/App.tsx(120,41): error TS2339: Property 'logs' does not exist on type 'never'.
src/App.tsx(120,51): error TS7006: Parameter 'log' implicitly has an 'any' type.
src/App.tsx(120,56): error TS7006: Parameter 'i' implicitly has an 'any' type.
